Fatal error: exception extension disabled: found 256-bit register whilst emitting camlDisabled256__f_0_1_code, but AVX is not enabled.
