Environment: ((defined_symbols { }) (code_age_relation {})
              (levels
               ((scope 1) (defined_vars
                {([0m[38;5;111;1mz/2N[0m :: [0m[38;5;37;1m𝕍[0m Normal) ([0m[38;5;111;1mx/0N[0m :: [0m[38;5;37;1m𝕍[0m Normal) ([0m[38;5;111;1my/1N[0m :: [0m[38;5;37;1m𝕍[0m Normal)}))
               ((defined_vars { z/2N x/0N y/1N })
                (equations
                 ([0m[38;5;111;1mz/2N[0m :
                   (Val!
                    (Variant
                     (blocks (alloc_mode Heap)
                      (known
                       {(tag_0 => (Known 3),
                         ((Val ([0m[38;5;160;1m=[0m [0m[38;5;111;1mz/2N[0m)) (Val ([0m[38;5;160;1m=[0m [0m[38;5;111;1mx/0N[0m)) (Val ([0m[38;5;160;1m=[0m [0m[38;5;111;1my/1N[0m))))}))))
                  [0m[38;5;111;1mx/0N[0m :
                   (Val!
                    (Variant
                     (blocks (alloc_mode Heap)
                      (known
                       {(tag_0 => (Known 3),
                         ((Val ([0m[38;5;160;1m=[0m [0m[38;5;111;1mx/0N[0m)) (Val ([0m[38;5;160;1m=[0m [0m[38;5;111;1my/1N[0m)) (Val ([0m[38;5;160;1m=[0m [0m[38;5;111;1mz/2N[0m))))}))))
                  [0m[38;5;111;1my/1N[0m :
                   (Val!
                    (Variant
                     (blocks (alloc_mode Heap)
                      (known
                       {(tag_0 => (Known 3),
                         ((Val ([0m[38;5;160;1m=[0m [0m[38;5;111;1my/1N[0m)) (Val ([0m[38;5;160;1m=[0m [0m[38;5;111;1mz/2N[0m)) (Val ([0m[38;5;160;1m=[0m [0m[38;5;111;1mx/0N[0m))))})))))))))
              (aliases
               ((canonical_elements {}) (aliases_of_canonical_names {})
                (aliases_of_consts {}))))
Result type: (Val ([0m[38;5;160;1m=[0m [0m[38;5;111;1mx/0N[0m))
New environment:
((defined_symbols { }) (code_age_relation {})
 (levels
  ((scope 1) (defined_vars
   {([0m[38;5;111;1mz/2N[0m :: [0m[38;5;37;1m𝕍[0m Normal) ([0m[38;5;111;1mx/0N[0m :: [0m[38;5;37;1m𝕍[0m Normal) ([0m[38;5;111;1my/1N[0m :: [0m[38;5;37;1m𝕍[0m Normal)}))
  ((defined_vars { z/2N x/0N y/1N })
   (equations
    ([0m[38;5;111;1mz/2N[0m : (Val ([0m[38;5;160;1m=[0m [0m[38;5;111;1mx/0N[0m))
     [0m[38;5;111;1mx/0N[0m :
      (Val!
       (Variant
        (blocks (alloc_mode Heap)
         (known
          {(tag_0 => (Known 3),
            ((Val ([0m[38;5;160;1m=[0m [0m[38;5;111;1mx/0N[0m)) (Val ([0m[38;5;160;1m=[0m [0m[38;5;111;1my/1N[0m)) (Val ([0m[38;5;160;1m=[0m [0m[38;5;111;1mz/2N[0m))))}))))
     [0m[38;5;111;1my/1N[0m : (Val ([0m[38;5;160;1m=[0m [0m[38;5;111;1mx/0N[0m)))))))
 (aliases
  ((canonical_elements
    {([0m[38;5;111;1mz/2N[0m ([0m[38;5;111;1mx/0N[0m [0m[38;5;243;1m(coercion [0m[38;5;243;1mid[0m[38;5;243;1m)[0m)) ([0m[38;5;111;1my/1N[0m ([0m[38;5;111;1mx/0N[0m [0m[38;5;243;1m(coercion [0m[38;5;243;1mid[0m[38;5;243;1m)[0m))})
   (aliases_of_canonical_names {([0m[38;5;111;1mx/0N[0m {(Normal {([0m[38;5;111;1mz/2N[0m [0m[38;5;243;1mid[0m) ([0m[38;5;111;1my/1N[0m [0m[38;5;243;1mid[0m)})})})
   (aliases_of_consts {}))))
