-config_mli_vars.output
+config_print_all.expected
-12,0 +12,1                                                                                        
+bytecomp_c_compiler
-32,0 +33,1                                                                                        
+default_safe_string
-40,0 +42,1                                                                                        
+flambda_backend
-53,0 +56,1                                                                                        
+int_size
-64,0 +68,1                                                                                        
+native_c_compiler
-76,0 +81,1                                                                                        
+os_type
-83,0 +89,1                                                                                        
+safe_string
-87,0 +94,1                                                                                        
+standard_library_default
-100,0 +108,1                                                                                        
+word_size
