module A :
  sig type ('foo, 'bar) t val get_foo : ('foo, 'a) t -> 'foo option end
- : ('foo, 'a) A.t -> 'foo option = <fun>
