**** Vectorize selected computation: 2 groups, 4 scalar instructions, 2 vector instructions, cost = -2 (Test_float_unboxed_vectorized.copy_mutable_record)
**** Vectorize selected computation: 6 groups, 12 scalar instructions, 8 vector instructions, cost = -4 (Test_float_unboxed_vectorized.add_mutable_record)
